[error] Failed to fetch Firebase Project from Studio Workspace because WORKSPACE_SLUG environment variable is empty
[error] Failed to fetch Firebase Project from Studio Workspace because WORKSPACE_SLUG environment variable is empty
[debug] [2026-02-01T09:18:17.437Z] > command requires scopes: ["email","openid","https://www.googleapis.com/auth/cloudplatformprojects.readonly","https://www.googleapis.com/auth/firebase","https://www.googleapis.com/auth/cloud-platform","https://www.googleapis.com/auth/userinfo.email"]
[debug] [2026-02-01T09:18:17.439Z] > authorizing via signed-in user (dhruvmishra144@gmail.com)
[debug] [2026-02-01T09:18:17.441Z] Checked if tokens are valid: false, expires at: 1769933359011
[debug] [2026-02-01T09:18:17.442Z] Checked if tokens are valid: false, expires at: 1769933359011
[debug] [2026-02-01T09:18:17.442Z] > refreshing access token with scopes: []
[debug] [2026-02-01T09:18:17.447Z] >>> [apiv2][query] POST https://www.googleapis.com/oauth2/v3/token [none]
[debug] [2026-02-01T09:18:17.448Z] >>> [apiv2][body] POST https://www.googleapis.com/oauth2/v3/token [omitted]
[debug] [2026-02-01T09:18:17.517Z] <<< [apiv2][status] POST https://www.googleapis.com/oauth2/v3/token 200
[debug] [2026-02-01T09:18:17.517Z] <<< [apiv2][body] POST https://www.googleapis.com/oauth2/v3/token [omitted]
[debug] [2026-02-01T09:18:17.548Z] >>> [apiv2][query] GET https://cloudbilling.googleapis.com/v1/projects/portfolio-nextjs-b02fb/billingInfo [none]
[debug] [2026-02-01T09:18:17.789Z] <<< [apiv2][status] GET https://cloudbilling.googleapis.com/v1/projects/portfolio-nextjs-b02fb/billingInfo 200
[debug] [2026-02-01T09:18:17.790Z] <<< [apiv2][body] GET https://cloudbilling.googleapis.com/v1/projects/portfolio-nextjs-b02fb/billingInfo {"name":"projects/portfolio-nextjs-b02fb/billingInfo","projectId":"portfolio-nextjs-b02fb","billingAccountName":"","billingEnabled":false}
[debug] [2026-02-01T09:18:17.811Z] Checked if tokens are valid: true, expires at: 1769941096522
[debug] [2026-02-01T09:18:17.811Z] Checked if tokens are valid: true, expires at: 1769941096522
[debug] [2026-02-01T09:18:17.812Z] Checked if tokens are valid: true, expires at: 1769941096522
[debug] [2026-02-01T09:18:17.812Z] Checked if tokens are valid: true, expires at: 1769941096522
[debug] [2026-02-01T09:18:17.841Z] Checked if tokens are valid: true, expires at: 1769941096522
[debug] [2026-02-01T09:18:17.842Z] Checked if tokens are valid: true, expires at: 1769941096522
[debug] [2026-02-01T09:18:17.843Z] Checked if tokens are valid: true, expires at: 1769941096522
[debug] [2026-02-01T09:18:17.843Z] Checked if tokens are valid: true, expires at: 1769941096522
[debug] [2026-02-01T09:18:17.843Z] >>> [apiv2][query] GET https://serviceusage.googleapis.com/v1/projects/portfolio-nextjs-b02fb/services/firebasedataconnect.googleapis.com [none]
[debug] [2026-02-01T09:18:17.844Z] >>> [apiv2][(partial)header] GET https://serviceusage.googleapis.com/v1/projects/portfolio-nextjs-b02fb/services/firebasedataconnect.googleapis.com  x-goog-user-project=portfolio-nextjs-b02fb
[debug] [2026-02-01T09:18:17.848Z] >>> [apiv2][query] GET https://serviceusage.googleapis.com/v1/projects/portfolio-nextjs-b02fb/services/cloudfunctions.googleapis.com [none]
[debug] [2026-02-01T09:18:17.848Z] >>> [apiv2][(partial)header] GET https://serviceusage.googleapis.com/v1/projects/portfolio-nextjs-b02fb/services/cloudfunctions.googleapis.com  x-goog-user-project=portfolio-nextjs-b02fb
[debug] [2026-02-01T09:18:17.851Z] >>> [apiv2][query] GET https://serviceusage.googleapis.com/v1/projects/portfolio-nextjs-b02fb/services/firebaseapphosting.googleapis.com [none]
[debug] [2026-02-01T09:18:17.851Z] >>> [apiv2][(partial)header] GET https://serviceusage.googleapis.com/v1/projects/portfolio-nextjs-b02fb/services/firebaseapphosting.googleapis.com  x-goog-user-project=portfolio-nextjs-b02fb
[debug] [2026-02-01T09:18:17.854Z] >>> [apiv2][query] GET https://serviceusage.googleapis.com/v1/projects/portfolio-nextjs-b02fb/services/firebaseio.com [none]
[debug] [2026-02-01T09:18:17.854Z] >>> [apiv2][(partial)header] GET https://serviceusage.googleapis.com/v1/projects/portfolio-nextjs-b02fb/services/firebaseio.com  x-goog-user-project=portfolio-nextjs-b02fb
[debug] [2026-02-01T09:18:18.910Z] <<< [apiv2][status] GET https://serviceusage.googleapis.com/v1/projects/portfolio-nextjs-b02fb/services/firebasedataconnect.googleapis.com 200
[debug] [2026-02-01T09:18:18.910Z] <<< [apiv2][body] GET https://serviceusage.googleapis.com/v1/projects/portfolio-nextjs-b02fb/services/firebasedataconnect.googleapis.com [omitted]
[debug] [2026-02-01T09:18:18.961Z] <<< [apiv2][status] GET https://serviceusage.googleapis.com/v1/projects/portfolio-nextjs-b02fb/services/cloudfunctions.googleapis.com 200
[debug] [2026-02-01T09:18:18.972Z] <<< [apiv2][body] GET https://serviceusage.googleapis.com/v1/projects/portfolio-nextjs-b02fb/services/cloudfunctions.googleapis.com [omitted]
[debug] [2026-02-01T09:18:19.118Z] <<< [apiv2][status] GET https://serviceusage.googleapis.com/v1/projects/portfolio-nextjs-b02fb/services/firebaseio.com 403
[debug] [2026-02-01T09:18:19.123Z] <<< [apiv2][body] GET https://serviceusage.googleapis.com/v1/projects/portfolio-nextjs-b02fb/services/firebaseio.com [omitted]
[debug] [2026-02-01T09:18:19.154Z] <<< [apiv2][status] GET https://serviceusage.googleapis.com/v1/projects/portfolio-nextjs-b02fb/services/firebaseapphosting.googleapis.com 200
[debug] [2026-02-01T09:18:19.154Z] <<< [apiv2][body] GET https://serviceusage.googleapis.com/v1/projects/portfolio-nextjs-b02fb/services/firebaseapphosting.googleapis.com [omitted]
[error] Failed to fetch Firebase Project from Studio Workspace because WORKSPACE_SLUG environment variable is empty
[error] Failed to fetch Firebase Project from Studio Workspace because WORKSPACE_SLUG environment variable is empty
[error] Failed to fetch Firebase Project from Studio Workspace because WORKSPACE_SLUG environment variable is empty
[debug] [2026-02-01T09:18:19.172Z] > command requires scopes: ["email","openid","https://www.googleapis.com/auth/cloudplatformprojects.readonly","https://www.googleapis.com/auth/firebase","https://www.googleapis.com/auth/cloud-platform","https://www.googleapis.com/auth/userinfo.email"]
[debug] [2026-02-01T09:18:19.172Z] > authorizing via signed-in user (dhruvmishra144@gmail.com)
[debug] [2026-02-01T09:18:19.174Z] Checked if tokens are valid: true, expires at: 1769941096522
[debug] [2026-02-01T09:18:19.174Z] Checked if tokens are valid: true, expires at: 1769941096522
[debug] [2026-02-01T09:18:19.175Z] >>> [apiv2][query] GET https://cloudbilling.googleapis.com/v1/projects/portfolio-nextjs-b02fb/billingInfo [none]
[debug] [2026-02-01T09:18:19.388Z] <<< [apiv2][status] GET https://cloudbilling.googleapis.com/v1/projects/portfolio-nextjs-b02fb/billingInfo 200
[debug] [2026-02-01T09:18:19.389Z] <<< [apiv2][body] GET https://cloudbilling.googleapis.com/v1/projects/portfolio-nextjs-b02fb/billingInfo {"name":"projects/portfolio-nextjs-b02fb/billingInfo","projectId":"portfolio-nextjs-b02fb","billingAccountName":"","billingEnabled":false}
[error] Failed to fetch Firebase Project from Studio Workspace because WORKSPACE_SLUG environment variable is empty
[debug] [2026-02-01T09:18:19.400Z] > command requires scopes: ["email","openid","https://www.googleapis.com/auth/cloudplatformprojects.readonly","https://www.googleapis.com/auth/firebase","https://www.googleapis.com/auth/cloud-platform","https://www.googleapis.com/auth/userinfo.email"]
[debug] [2026-02-01T09:18:19.401Z] > authorizing via signed-in user (dhruvmishra144@gmail.com)
[error] Failed to fetch Firebase Project from Studio Workspace because WORKSPACE_SLUG environment variable is empty
[error] Failed to fetch Firebase Project from Studio Workspace because WORKSPACE_SLUG environment variable is empty
[error] Failed to fetch Firebase Project from Studio Workspace because WORKSPACE_SLUG environment variable is empty
[error] Failed to fetch Firebase Project from Studio Workspace because WORKSPACE_SLUG environment variable is empty
[debug] [2026-02-01T09:18:19.480Z] > command requires scopes: ["email","openid","https://www.googleapis.com/auth/cloudplatformprojects.readonly","https://www.googleapis.com/auth/firebase","https://www.googleapis.com/auth/cloud-platform","https://www.googleapis.com/auth/userinfo.email"]
[debug] [2026-02-01T09:18:19.480Z] > authorizing via signed-in user (dhruvmishra144@gmail.com)
[debug] [2026-02-01T09:18:19.480Z] Checked if tokens are valid: true, expires at: 1769941096522
[debug] [2026-02-01T09:18:19.480Z] Checked if tokens are valid: true, expires at: 1769941096522
[debug] [2026-02-01T09:18:19.487Z] >>> [apiv2][query] GET https://cloudbilling.googleapis.com/v1/projects/portfolio-nextjs-b02fb/billingInfo [none]
[error] Failed to fetch Firebase Project from Studio Workspace because WORKSPACE_SLUG environment variable is empty
[error] Failed to fetch Firebase Project from Studio Workspace because WORKSPACE_SLUG environment variable is empty
[debug] [2026-02-01T09:18:19.525Z] > command requires scopes: ["email","openid","https://www.googleapis.com/auth/cloudplatformprojects.readonly","https://www.googleapis.com/auth/firebase","https://www.googleapis.com/auth/cloud-platform","https://www.googleapis.com/auth/userinfo.email"]
[debug] [2026-02-01T09:18:19.525Z] > authorizing via signed-in user (dhruvmishra144@gmail.com)
[debug] [2026-02-01T09:18:19.525Z] Checked if tokens are valid: true, expires at: 1769941096522
[debug] [2026-02-01T09:18:19.525Z] Checked if tokens are valid: true, expires at: 1769941096522
[debug] [2026-02-01T09:18:19.526Z] >>> [apiv2][query] GET https://cloudbilling.googleapis.com/v1/projects/portfolio-nextjs-b02fb/billingInfo [none]
[debug] [2026-02-01T09:18:19.752Z] <<< [apiv2][status] GET https://cloudbilling.googleapis.com/v1/projects/portfolio-nextjs-b02fb/billingInfo 200
[debug] [2026-02-01T09:18:19.752Z] <<< [apiv2][body] GET https://cloudbilling.googleapis.com/v1/projects/portfolio-nextjs-b02fb/billingInfo {"name":"projects/portfolio-nextjs-b02fb/billingInfo","projectId":"portfolio-nextjs-b02fb","billingAccountName":"","billingEnabled":false}
[error] Failed to fetch Firebase Project from Studio Workspace because WORKSPACE_SLUG environment variable is empty
[debug] [2026-02-01T09:18:19.755Z] > command requires scopes: ["email","openid","https://www.googleapis.com/auth/cloudplatformprojects.readonly","https://www.googleapis.com/auth/firebase","https://www.googleapis.com/auth/cloud-platform","https://www.googleapis.com/auth/userinfo.email"]
[debug] [2026-02-01T09:18:19.755Z] > authorizing via signed-in user (dhruvmishra144@gmail.com)
[debug] [2026-02-01T09:18:20.491Z] <<< [apiv2][status] GET https://cloudbilling.googleapis.com/v1/projects/portfolio-nextjs-b02fb/billingInfo 200
[debug] [2026-02-01T09:18:20.492Z] <<< [apiv2][body] GET https://cloudbilling.googleapis.com/v1/projects/portfolio-nextjs-b02fb/billingInfo {"name":"projects/portfolio-nextjs-b02fb/billingInfo","projectId":"portfolio-nextjs-b02fb","billingAccountName":"","billingEnabled":false}
[error] Failed to fetch Firebase Project from Studio Workspace because WORKSPACE_SLUG environment variable is empty
[debug] [2026-02-01T09:18:20.498Z] > command requires scopes: ["email","openid","https://www.googleapis.com/auth/cloudplatformprojects.readonly","https://www.googleapis.com/auth/firebase","https://www.googleapis.com/auth/cloud-platform","https://www.googleapis.com/auth/userinfo.email"]
[debug] [2026-02-01T09:18:20.498Z] > authorizing via signed-in user (dhruvmishra144@gmail.com)
[error] Failed to fetch Firebase Project from Studio Workspace because WORKSPACE_SLUG environment variable is empty
[error] Failed to fetch Firebase Project from Studio Workspace because WORKSPACE_SLUG environment variable is empty
[debug] [2026-02-01T18:33:31.298Z] > command requires scopes: ["email","openid","https://www.googleapis.com/auth/cloudplatformprojects.readonly","https://www.googleapis.com/auth/firebase","https://www.googleapis.com/auth/cloud-platform","https://www.googleapis.com/auth/userinfo.email"]
[debug] [2026-02-01T18:33:31.299Z] > authorizing via signed-in user (dhruvmishra144@gmail.com)
[debug] [2026-02-01T18:33:31.300Z] Checked if tokens are valid: false, expires at: 1769941096522
[debug] [2026-02-01T18:33:31.300Z] Checked if tokens are valid: false, expires at: 1769941096522
[debug] [2026-02-01T18:33:31.300Z] > refreshing access token with scopes: []
[debug] [2026-02-01T18:33:31.304Z] >>> [apiv2][query] POST https://www.googleapis.com/oauth2/v3/token [none]
[debug] [2026-02-01T18:33:31.304Z] >>> [apiv2][body] POST https://www.googleapis.com/oauth2/v3/token [omitted]
[debug] [2026-02-01T18:33:31.383Z] <<< [apiv2][status] POST https://www.googleapis.com/oauth2/v3/token 200
[debug] [2026-02-01T18:33:31.383Z] <<< [apiv2][body] POST https://www.googleapis.com/oauth2/v3/token [omitted]
[debug] [2026-02-01T18:33:31.425Z] >>> [apiv2][query] GET https://cloudbilling.googleapis.com/v1/projects/portfolio-nextjs-b02fb/billingInfo [none]
[debug] [2026-02-01T18:33:31.673Z] <<< [apiv2][status] GET https://cloudbilling.googleapis.com/v1/projects/portfolio-nextjs-b02fb/billingInfo 200
[debug] [2026-02-01T18:33:31.674Z] <<< [apiv2][body] GET https://cloudbilling.googleapis.com/v1/projects/portfolio-nextjs-b02fb/billingInfo {"name":"projects/portfolio-nextjs-b02fb/billingInfo","projectId":"portfolio-nextjs-b02fb","billingAccountName":"","billingEnabled":false}
[debug] [2026-02-01T18:33:31.700Z] Checked if tokens are valid: true, expires at: 1769974410383
[debug] [2026-02-01T18:33:31.700Z] Checked if tokens are valid: true, expires at: 1769974410383
[debug] [2026-02-01T18:33:31.700Z] Checked if tokens are valid: true, expires at: 1769974410383
[debug] [2026-02-01T18:33:31.701Z] Checked if tokens are valid: true, expires at: 1769974410383
[debug] [2026-02-01T18:33:31.752Z] Checked if tokens are valid: true, expires at: 1769974410383
[debug] [2026-02-01T18:33:31.753Z] Checked if tokens are valid: true, expires at: 1769974410383
[debug] [2026-02-01T18:33:31.755Z] Checked if tokens are valid: true, expires at: 1769974410383
[debug] [2026-02-01T18:33:31.755Z] Checked if tokens are valid: true, expires at: 1769974410383
[debug] [2026-02-01T18:33:31.756Z] >>> [apiv2][query] GET https://serviceusage.googleapis.com/v1/projects/portfolio-nextjs-b02fb/services/firebasedataconnect.googleapis.com [none]
[debug] [2026-02-01T18:33:31.758Z] >>> [apiv2][(partial)header] GET https://serviceusage.googleapis.com/v1/projects/portfolio-nextjs-b02fb/services/firebasedataconnect.googleapis.com  x-goog-user-project=portfolio-nextjs-b02fb
[debug] [2026-02-01T18:33:31.764Z] >>> [apiv2][query] GET https://serviceusage.googleapis.com/v1/projects/portfolio-nextjs-b02fb/services/cloudfunctions.googleapis.com [none]
[debug] [2026-02-01T18:33:31.764Z] >>> [apiv2][(partial)header] GET https://serviceusage.googleapis.com/v1/projects/portfolio-nextjs-b02fb/services/cloudfunctions.googleapis.com  x-goog-user-project=portfolio-nextjs-b02fb
[debug] [2026-02-01T18:33:31.768Z] >>> [apiv2][query] GET https://serviceusage.googleapis.com/v1/projects/portfolio-nextjs-b02fb/services/firebaseapphosting.googleapis.com [none]
[debug] [2026-02-01T18:33:31.768Z] >>> [apiv2][(partial)header] GET https://serviceusage.googleapis.com/v1/projects/portfolio-nextjs-b02fb/services/firebaseapphosting.googleapis.com  x-goog-user-project=portfolio-nextjs-b02fb
[debug] [2026-02-01T18:33:31.770Z] >>> [apiv2][query] GET https://serviceusage.googleapis.com/v1/projects/portfolio-nextjs-b02fb/services/firebaseio.com [none]
[debug] [2026-02-01T18:33:31.770Z] >>> [apiv2][(partial)header] GET https://serviceusage.googleapis.com/v1/projects/portfolio-nextjs-b02fb/services/firebaseio.com  x-goog-user-project=portfolio-nextjs-b02fb
[debug] [2026-02-01T18:33:32.901Z] <<< [apiv2][status] GET https://serviceusage.googleapis.com/v1/projects/portfolio-nextjs-b02fb/services/firebaseio.com 403
[debug] [2026-02-01T18:33:32.901Z] <<< [apiv2][body] GET https://serviceusage.googleapis.com/v1/projects/portfolio-nextjs-b02fb/services/firebaseio.com [omitted]
[debug] [2026-02-01T18:33:33.021Z] <<< [apiv2][status] GET https://serviceusage.googleapis.com/v1/projects/portfolio-nextjs-b02fb/services/firebaseapphosting.googleapis.com 200
[debug] [2026-02-01T18:33:33.022Z] <<< [apiv2][body] GET https://serviceusage.googleapis.com/v1/projects/portfolio-nextjs-b02fb/services/firebaseapphosting.googleapis.com [omitted]
[debug] [2026-02-01T18:33:33.033Z] <<< [apiv2][status] GET https://serviceusage.googleapis.com/v1/projects/portfolio-nextjs-b02fb/services/cloudfunctions.googleapis.com 200
[debug] [2026-02-01T18:33:33.033Z] <<< [apiv2][body] GET https://serviceusage.googleapis.com/v1/projects/portfolio-nextjs-b02fb/services/cloudfunctions.googleapis.com [omitted]
[debug] [2026-02-01T18:33:33.060Z] <<< [apiv2][status] GET https://serviceusage.googleapis.com/v1/projects/portfolio-nextjs-b02fb/services/firebasedataconnect.googleapis.com 200
[debug] [2026-02-01T18:33:33.060Z] <<< [apiv2][body] GET https://serviceusage.googleapis.com/v1/projects/portfolio-nextjs-b02fb/services/firebasedataconnect.googleapis.com [omitted]
[error] Failed to fetch Firebase Project from Studio Workspace because WORKSPACE_SLUG environment variable is empty
[error] Failed to fetch Firebase Project from Studio Workspace because WORKSPACE_SLUG environment variable is empty
[error] Failed to fetch Firebase Project from Studio Workspace because WORKSPACE_SLUG environment variable is empty
[debug] [2026-02-01T18:33:33.091Z] > command requires scopes: ["email","openid","https://www.googleapis.com/auth/cloudplatformprojects.readonly","https://www.googleapis.com/auth/firebase","https://www.googleapis.com/auth/cloud-platform","https://www.googleapis.com/auth/userinfo.email"]
[debug] [2026-02-01T18:33:33.092Z] > authorizing via signed-in user (dhruvmishra144@gmail.com)
[debug] [2026-02-01T18:33:33.092Z] Checked if tokens are valid: true, expires at: 1769974410383
[debug] [2026-02-01T18:33:33.092Z] Checked if tokens are valid: true, expires at: 1769974410383
[debug] [2026-02-01T18:33:33.092Z] >>> [apiv2][query] GET https://cloudbilling.googleapis.com/v1/projects/portfolio-nextjs-b02fb/billingInfo [none]
[debug] [2026-02-01T18:33:33.311Z] <<< [apiv2][status] GET https://cloudbilling.googleapis.com/v1/projects/portfolio-nextjs-b02fb/billingInfo 200
[debug] [2026-02-01T18:33:33.311Z] <<< [apiv2][body] GET https://cloudbilling.googleapis.com/v1/projects/portfolio-nextjs-b02fb/billingInfo {"name":"projects/portfolio-nextjs-b02fb/billingInfo","projectId":"portfolio-nextjs-b02fb","billingAccountName":"","billingEnabled":false}
[error] Failed to fetch Firebase Project from Studio Workspace because WORKSPACE_SLUG environment variable is empty
[debug] [2026-02-01T18:33:33.317Z] > command requires scopes: ["email","openid","https://www.googleapis.com/auth/cloudplatformprojects.readonly","https://www.googleapis.com/auth/firebase","https://www.googleapis.com/auth/cloud-platform","https://www.googleapis.com/auth/userinfo.email"]
[debug] [2026-02-01T18:33:33.318Z] > authorizing via signed-in user (dhruvmishra144@gmail.com)
[error] Failed to fetch Firebase Project from Studio Workspace because WORKSPACE_SLUG environment variable is empty
[error] Failed to fetch Firebase Project from Studio Workspace because WORKSPACE_SLUG environment variable is empty
[error] Failed to fetch Firebase Project from Studio Workspace because WORKSPACE_SLUG environment variable is empty
[error] Failed to fetch Firebase Project from Studio Workspace because WORKSPACE_SLUG environment variable is empty
[debug] [2026-02-01T18:33:33.365Z] > command requires scopes: ["email","openid","https://www.googleapis.com/auth/cloudplatformprojects.readonly","https://www.googleapis.com/auth/firebase","https://www.googleapis.com/auth/cloud-platform","https://www.googleapis.com/auth/userinfo.email"]
[debug] [2026-02-01T18:33:33.365Z] > authorizing via signed-in user (dhruvmishra144@gmail.com)
[debug] [2026-02-01T18:33:33.370Z] Checked if tokens are valid: true, expires at: 1769974410383
[debug] [2026-02-01T18:33:33.370Z] Checked if tokens are valid: true, expires at: 1769974410383
[debug] [2026-02-01T18:33:33.371Z] >>> [apiv2][query] GET https://cloudbilling.googleapis.com/v1/projects/portfolio-nextjs-b02fb/billingInfo [none]
[error] Failed to fetch Firebase Project from Studio Workspace because WORKSPACE_SLUG environment variable is empty
[error] Failed to fetch Firebase Project from Studio Workspace because WORKSPACE_SLUG environment variable is empty
[debug] [2026-02-01T18:33:33.399Z] > command requires scopes: ["email","openid","https://www.googleapis.com/auth/cloudplatformprojects.readonly","https://www.googleapis.com/auth/firebase","https://www.googleapis.com/auth/cloud-platform","https://www.googleapis.com/auth/userinfo.email"]
[debug] [2026-02-01T18:33:33.399Z] > authorizing via signed-in user (dhruvmishra144@gmail.com)
[debug] [2026-02-01T18:33:33.400Z] Checked if tokens are valid: true, expires at: 1769974410383
[debug] [2026-02-01T18:33:33.400Z] Checked if tokens are valid: true, expires at: 1769974410383
[debug] [2026-02-01T18:33:33.400Z] >>> [apiv2][query] GET https://cloudbilling.googleapis.com/v1/projects/portfolio-nextjs-b02fb/billingInfo [none]
[debug] [2026-02-01T18:33:33.581Z] <<< [apiv2][status] GET https://cloudbilling.googleapis.com/v1/projects/portfolio-nextjs-b02fb/billingInfo 200
[debug] [2026-02-01T18:33:33.581Z] <<< [apiv2][body] GET https://cloudbilling.googleapis.com/v1/projects/portfolio-nextjs-b02fb/billingInfo {"name":"projects/portfolio-nextjs-b02fb/billingInfo","projectId":"portfolio-nextjs-b02fb","billingAccountName":"","billingEnabled":false}
[error] Failed to fetch Firebase Project from Studio Workspace because WORKSPACE_SLUG environment variable is empty
[debug] [2026-02-01T18:33:33.590Z] > command requires scopes: ["email","openid","https://www.googleapis.com/auth/cloudplatformprojects.readonly","https://www.googleapis.com/auth/firebase","https://www.googleapis.com/auth/cloud-platform","https://www.googleapis.com/auth/userinfo.email"]
[debug] [2026-02-01T18:33:33.590Z] > authorizing via signed-in user (dhruvmishra144@gmail.com)
[debug] [2026-02-01T18:33:33.618Z] <<< [apiv2][status] GET https://cloudbilling.googleapis.com/v1/projects/portfolio-nextjs-b02fb/billingInfo 200
[debug] [2026-02-01T18:33:33.620Z] <<< [apiv2][body] GET https://cloudbilling.googleapis.com/v1/projects/portfolio-nextjs-b02fb/billingInfo {"name":"projects/portfolio-nextjs-b02fb/billingInfo","projectId":"portfolio-nextjs-b02fb","billingAccountName":"","billingEnabled":false}
[error] Failed to fetch Firebase Project from Studio Workspace because WORKSPACE_SLUG environment variable is empty
[debug] [2026-02-01T18:33:33.622Z] > command requires scopes: ["email","openid","https://www.googleapis.com/auth/cloudplatformprojects.readonly","https://www.googleapis.com/auth/firebase","https://www.googleapis.com/auth/cloud-platform","https://www.googleapis.com/auth/userinfo.email"]
[debug] [2026-02-01T18:33:33.622Z] > authorizing via signed-in user (dhruvmishra144@gmail.com)
[error] Failed to fetch Firebase Project from Studio Workspace because WORKSPACE_SLUG environment variable is empty
[error] Failed to fetch Firebase Project from Studio Workspace because WORKSPACE_SLUG environment variable is empty
[debug] [2026-02-02T05:02:10.405Z] > command requires scopes: ["email","openid","https://www.googleapis.com/auth/cloudplatformprojects.readonly","https://www.googleapis.com/auth/firebase","https://www.googleapis.com/auth/cloud-platform","https://www.googleapis.com/auth/userinfo.email"]
[debug] [2026-02-02T05:02:10.409Z] > authorizing via signed-in user (dhruvmishra144@gmail.com)
[debug] [2026-02-02T05:02:10.411Z] Checked if tokens are valid: false, expires at: 1769974410383
[debug] [2026-02-02T05:02:10.412Z] Checked if tokens are valid: false, expires at: 1769974410383
[debug] [2026-02-02T05:02:10.413Z] > refreshing access token with scopes: []
[debug] [2026-02-02T05:02:10.418Z] >>> [apiv2][query] POST https://www.googleapis.com/oauth2/v3/token [none]
[debug] [2026-02-02T05:02:10.419Z] >>> [apiv2][body] POST https://www.googleapis.com/oauth2/v3/token [omitted]
[debug] [2026-02-02T05:02:10.521Z] <<< [apiv2][status] POST https://www.googleapis.com/oauth2/v3/token 200
[debug] [2026-02-02T05:02:10.525Z] <<< [apiv2][body] POST https://www.googleapis.com/oauth2/v3/token [omitted]
[debug] [2026-02-02T05:02:10.577Z] >>> [apiv2][query] GET https://cloudbilling.googleapis.com/v1/projects/portfolio-nextjs-b02fb/billingInfo [none]
[debug] [2026-02-02T05:02:10.869Z] <<< [apiv2][status] GET https://cloudbilling.googleapis.com/v1/projects/portfolio-nextjs-b02fb/billingInfo 200
[debug] [2026-02-02T05:02:10.880Z] <<< [apiv2][body] GET https://cloudbilling.googleapis.com/v1/projects/portfolio-nextjs-b02fb/billingInfo {"name":"projects/portfolio-nextjs-b02fb/billingInfo","projectId":"portfolio-nextjs-b02fb","billingAccountName":"","billingEnabled":false}
[debug] [2026-02-02T05:02:10.937Z] Checked if tokens are valid: true, expires at: 1770012129531
[debug] [2026-02-02T05:02:10.938Z] Checked if tokens are valid: true, expires at: 1770012129531
[debug] [2026-02-02T05:02:10.942Z] Checked if tokens are valid: true, expires at: 1770012129531
[debug] [2026-02-02T05:02:10.942Z] Checked if tokens are valid: true, expires at: 1770012129531
[debug] [2026-02-02T05:02:11.063Z] Checked if tokens are valid: true, expires at: 1770012129531
[debug] [2026-02-02T05:02:11.064Z] Checked if tokens are valid: true, expires at: 1770012129531
[debug] [2026-02-02T05:02:11.065Z] Checked if tokens are valid: true, expires at: 1770012129531
[debug] [2026-02-02T05:02:11.065Z] Checked if tokens are valid: true, expires at: 1770012129531
[debug] [2026-02-02T05:02:11.065Z] >>> [apiv2][query] GET https://serviceusage.googleapis.com/v1/projects/portfolio-nextjs-b02fb/services/firebasedataconnect.googleapis.com [none]
[debug] [2026-02-02T05:02:11.066Z] >>> [apiv2][(partial)header] GET https://serviceusage.googleapis.com/v1/projects/portfolio-nextjs-b02fb/services/firebasedataconnect.googleapis.com  x-goog-user-project=portfolio-nextjs-b02fb
[debug] [2026-02-02T05:02:11.070Z] >>> [apiv2][query] GET https://serviceusage.googleapis.com/v1/projects/portfolio-nextjs-b02fb/services/cloudfunctions.googleapis.com [none]
[debug] [2026-02-02T05:02:11.070Z] >>> [apiv2][(partial)header] GET https://serviceusage.googleapis.com/v1/projects/portfolio-nextjs-b02fb/services/cloudfunctions.googleapis.com  x-goog-user-project=portfolio-nextjs-b02fb
[debug] [2026-02-02T05:02:11.074Z] >>> [apiv2][query] GET https://serviceusage.googleapis.com/v1/projects/portfolio-nextjs-b02fb/services/firebaseapphosting.googleapis.com [none]
[debug] [2026-02-02T05:02:11.074Z] >>> [apiv2][(partial)header] GET https://serviceusage.googleapis.com/v1/projects/portfolio-nextjs-b02fb/services/firebaseapphosting.googleapis.com  x-goog-user-project=portfolio-nextjs-b02fb
[debug] [2026-02-02T05:02:11.083Z] >>> [apiv2][query] GET https://serviceusage.googleapis.com/v1/projects/portfolio-nextjs-b02fb/services/firebaseio.com [none]
[debug] [2026-02-02T05:02:11.083Z] >>> [apiv2][(partial)header] GET https://serviceusage.googleapis.com/v1/projects/portfolio-nextjs-b02fb/services/firebaseio.com  x-goog-user-project=portfolio-nextjs-b02fb
[debug] [2026-02-02T05:02:12.273Z] <<< [apiv2][status] GET https://serviceusage.googleapis.com/v1/projects/portfolio-nextjs-b02fb/services/firebasedataconnect.googleapis.com 200
[debug] [2026-02-02T05:02:12.273Z] <<< [apiv2][body] GET https://serviceusage.googleapis.com/v1/projects/portfolio-nextjs-b02fb/services/firebasedataconnect.googleapis.com [omitted]
[debug] [2026-02-02T05:02:12.280Z] <<< [apiv2][status] GET https://serviceusage.googleapis.com/v1/projects/portfolio-nextjs-b02fb/services/cloudfunctions.googleapis.com 200
[debug] [2026-02-02T05:02:12.280Z] <<< [apiv2][body] GET https://serviceusage.googleapis.com/v1/projects/portfolio-nextjs-b02fb/services/cloudfunctions.googleapis.com [omitted]
[debug] [2026-02-02T05:02:12.335Z] <<< [apiv2][status] GET https://serviceusage.googleapis.com/v1/projects/portfolio-nextjs-b02fb/services/firebaseapphosting.googleapis.com 200
[debug] [2026-02-02T05:02:12.335Z] <<< [apiv2][body] GET https://serviceusage.googleapis.com/v1/projects/portfolio-nextjs-b02fb/services/firebaseapphosting.googleapis.com [omitted]
[debug] [2026-02-02T05:02:12.375Z] <<< [apiv2][status] GET https://serviceusage.googleapis.com/v1/projects/portfolio-nextjs-b02fb/services/firebaseio.com 403
[debug] [2026-02-02T05:02:12.375Z] <<< [apiv2][body] GET https://serviceusage.googleapis.com/v1/projects/portfolio-nextjs-b02fb/services/firebaseio.com [omitted]
[error] Failed to fetch Firebase Project from Studio Workspace because WORKSPACE_SLUG environment variable is empty
[error] Failed to fetch Firebase Project from Studio Workspace because WORKSPACE_SLUG environment variable is empty
[error] Failed to fetch Firebase Project from Studio Workspace because WORKSPACE_SLUG environment variable is empty
[debug] [2026-02-02T05:02:12.422Z] > command requires scopes: ["email","openid","https://www.googleapis.com/auth/cloudplatformprojects.readonly","https://www.googleapis.com/auth/firebase","https://www.googleapis.com/auth/cloud-platform","https://www.googleapis.com/auth/userinfo.email"]
[debug] [2026-02-02T05:02:12.422Z] > authorizing via signed-in user (dhruvmishra144@gmail.com)
[debug] [2026-02-02T05:02:12.423Z] Checked if tokens are valid: true, expires at: 1770012129531
[debug] [2026-02-02T05:02:12.426Z] Checked if tokens are valid: true, expires at: 1770012129531
[debug] [2026-02-02T05:02:12.426Z] >>> [apiv2][query] GET https://cloudbilling.googleapis.com/v1/projects/portfolio-nextjs-b02fb/billingInfo [none]
[debug] [2026-02-02T05:02:12.646Z] <<< [apiv2][status] GET https://cloudbilling.googleapis.com/v1/projects/portfolio-nextjs-b02fb/billingInfo 200
[debug] [2026-02-02T05:02:12.646Z] <<< [apiv2][body] GET https://cloudbilling.googleapis.com/v1/projects/portfolio-nextjs-b02fb/billingInfo {"name":"projects/portfolio-nextjs-b02fb/billingInfo","projectId":"portfolio-nextjs-b02fb","billingAccountName":"","billingEnabled":false}
[error] Failed to fetch Firebase Project from Studio Workspace because WORKSPACE_SLUG environment variable is empty
[debug] [2026-02-02T05:02:12.659Z] > command requires scopes: ["email","openid","https://www.googleapis.com/auth/cloudplatformprojects.readonly","https://www.googleapis.com/auth/firebase","https://www.googleapis.com/auth/cloud-platform","https://www.googleapis.com/auth/userinfo.email"]
[debug] [2026-02-02T05:02:12.662Z] > authorizing via signed-in user (dhruvmishra144@gmail.com)
[error] Failed to fetch Firebase Project from Studio Workspace because WORKSPACE_SLUG environment variable is empty
[error] Failed to fetch Firebase Project from Studio Workspace because WORKSPACE_SLUG environment variable is empty
[error] Failed to fetch Firebase Project from Studio Workspace because WORKSPACE_SLUG environment variable is empty
[error] Failed to fetch Firebase Project from Studio Workspace because WORKSPACE_SLUG environment variable is empty
[debug] [2026-02-02T05:02:12.745Z] > command requires scopes: ["email","openid","https://www.googleapis.com/auth/cloudplatformprojects.readonly","https://www.googleapis.com/auth/firebase","https://www.googleapis.com/auth/cloud-platform","https://www.googleapis.com/auth/userinfo.email"]
[debug] [2026-02-02T05:02:12.745Z] > authorizing via signed-in user (dhruvmishra144@gmail.com)
[debug] [2026-02-02T05:02:12.746Z] Checked if tokens are valid: true, expires at: 1770012129531
[debug] [2026-02-02T05:02:12.746Z] Checked if tokens are valid: true, expires at: 1770012129531
[debug] [2026-02-02T05:02:12.746Z] >>> [apiv2][query] GET https://cloudbilling.googleapis.com/v1/projects/portfolio-nextjs-b02fb/billingInfo [none]
[error] Failed to fetch Firebase Project from Studio Workspace because WORKSPACE_SLUG environment variable is empty
[error] Failed to fetch Firebase Project from Studio Workspace because WORKSPACE_SLUG environment variable is empty
[debug] [2026-02-02T05:02:12.788Z] > command requires scopes: ["email","openid","https://www.googleapis.com/auth/cloudplatformprojects.readonly","https://www.googleapis.com/auth/firebase","https://www.googleapis.com/auth/cloud-platform","https://www.googleapis.com/auth/userinfo.email"]
[debug] [2026-02-02T05:02:12.788Z] > authorizing via signed-in user (dhruvmishra144@gmail.com)
[debug] [2026-02-02T05:02:12.789Z] Checked if tokens are valid: true, expires at: 1770012129531
[debug] [2026-02-02T05:02:12.791Z] Checked if tokens are valid: true, expires at: 1770012129531
[debug] [2026-02-02T05:02:12.792Z] >>> [apiv2][query] GET https://cloudbilling.googleapis.com/v1/projects/portfolio-nextjs-b02fb/billingInfo [none]
[debug] [2026-02-02T05:02:13.749Z] <<< [apiv2][status] GET https://cloudbilling.googleapis.com/v1/projects/portfolio-nextjs-b02fb/billingInfo 200
[debug] [2026-02-02T05:02:13.749Z] <<< [apiv2][body] GET https://cloudbilling.googleapis.com/v1/projects/portfolio-nextjs-b02fb/billingInfo {"name":"projects/portfolio-nextjs-b02fb/billingInfo","projectId":"portfolio-nextjs-b02fb","billingAccountName":"","billingEnabled":false}
[error] Failed to fetch Firebase Project from Studio Workspace because WORKSPACE_SLUG environment variable is empty
[debug] [2026-02-02T05:02:13.755Z] > command requires scopes: ["email","openid","https://www.googleapis.com/auth/cloudplatformprojects.readonly","https://www.googleapis.com/auth/firebase","https://www.googleapis.com/auth/cloud-platform","https://www.googleapis.com/auth/userinfo.email"]
[debug] [2026-02-02T05:02:13.756Z] > authorizing via signed-in user (dhruvmishra144@gmail.com)
[debug] [2026-02-02T05:02:13.871Z] <<< [apiv2][status] GET https://cloudbilling.googleapis.com/v1/projects/portfolio-nextjs-b02fb/billingInfo 200
[debug] [2026-02-02T05:02:13.872Z] <<< [apiv2][body] GET https://cloudbilling.googleapis.com/v1/projects/portfolio-nextjs-b02fb/billingInfo {"name":"projects/portfolio-nextjs-b02fb/billingInfo","projectId":"portfolio-nextjs-b02fb","billingAccountName":"","billingEnabled":false}
[error] Failed to fetch Firebase Project from Studio Workspace because WORKSPACE_SLUG environment variable is empty
[debug] [2026-02-02T05:02:13.881Z] > command requires scopes: ["email","openid","https://www.googleapis.com/auth/cloudplatformprojects.readonly","https://www.googleapis.com/auth/firebase","https://www.googleapis.com/auth/cloud-platform","https://www.googleapis.com/auth/userinfo.email"]
[debug] [2026-02-02T05:02:13.882Z] > authorizing via signed-in user (dhruvmishra144@gmail.com)
[error] Failed to fetch Firebase Project from Studio Workspace because WORKSPACE_SLUG environment variable is empty
[error] Failed to fetch Firebase Project from Studio Workspace because WORKSPACE_SLUG environment variable is empty
[debug] [2026-02-03T09:00:12.599Z] > command requires scopes: ["email","openid","https://www.googleapis.com/auth/cloudplatformprojects.readonly","https://www.googleapis.com/auth/firebase","https://www.googleapis.com/auth/cloud-platform","https://www.googleapis.com/auth/userinfo.email"]
[debug] [2026-02-03T09:00:12.601Z] > authorizing via signed-in user (dhruvmishra144@gmail.com)
[debug] [2026-02-03T09:00:12.602Z] Checked if tokens are valid: false, expires at: 1770012129531
[debug] [2026-02-03T09:00:12.602Z] Checked if tokens are valid: false, expires at: 1770012129531
[debug] [2026-02-03T09:00:12.603Z] > refreshing access token with scopes: []
[debug] [2026-02-03T09:00:12.606Z] >>> [apiv2][query] POST https://www.googleapis.com/oauth2/v3/token [none]
[debug] [2026-02-03T09:00:12.607Z] >>> [apiv2][body] POST https://www.googleapis.com/oauth2/v3/token [omitted]
[debug] [2026-02-03T09:00:12.711Z] <<< [apiv2][status] POST https://www.googleapis.com/oauth2/v3/token 200
[debug] [2026-02-03T09:00:12.712Z] <<< [apiv2][body] POST https://www.googleapis.com/oauth2/v3/token [omitted]
[debug] [2026-02-03T09:00:12.741Z] >>> [apiv2][query] GET https://cloudbilling.googleapis.com/v1/projects/portfolio-nextjs-b02fb/billingInfo [none]
[debug] [2026-02-03T09:00:12.999Z] <<< [apiv2][status] GET https://cloudbilling.googleapis.com/v1/projects/portfolio-nextjs-b02fb/billingInfo 200
[debug] [2026-02-03T09:00:13.001Z] <<< [apiv2][body] GET https://cloudbilling.googleapis.com/v1/projects/portfolio-nextjs-b02fb/billingInfo {"name":"projects/portfolio-nextjs-b02fb/billingInfo","projectId":"portfolio-nextjs-b02fb","billingAccountName":"","billingEnabled":false}
[debug] [2026-02-03T09:00:13.037Z] Checked if tokens are valid: true, expires at: 1770112811715
[debug] [2026-02-03T09:00:13.037Z] Checked if tokens are valid: true, expires at: 1770112811715
[debug] [2026-02-03T09:00:13.038Z] Checked if tokens are valid: true, expires at: 1770112811715
[debug] [2026-02-03T09:00:13.038Z] Checked if tokens are valid: true, expires at: 1770112811715
[debug] [2026-02-03T09:00:13.111Z] Checked if tokens are valid: true, expires at: 1770112811715
[debug] [2026-02-03T09:00:13.112Z] Checked if tokens are valid: true, expires at: 1770112811715
[debug] [2026-02-03T09:00:13.115Z] Checked if tokens are valid: true, expires at: 1770112811715
[debug] [2026-02-03T09:00:13.115Z] Checked if tokens are valid: true, expires at: 1770112811715
[debug] [2026-02-03T09:00:13.116Z] >>> [apiv2][query] GET https://serviceusage.googleapis.com/v1/projects/portfolio-nextjs-b02fb/services/firebasedataconnect.googleapis.com [none]
[debug] [2026-02-03T09:00:13.117Z] >>> [apiv2][(partial)header] GET https://serviceusage.googleapis.com/v1/projects/portfolio-nextjs-b02fb/services/firebasedataconnect.googleapis.com  x-goog-user-project=portfolio-nextjs-b02fb
[debug] [2026-02-03T09:00:13.125Z] >>> [apiv2][query] GET https://serviceusage.googleapis.com/v1/projects/portfolio-nextjs-b02fb/services/cloudfunctions.googleapis.com [none]
[debug] [2026-02-03T09:00:13.125Z] >>> [apiv2][(partial)header] GET https://serviceusage.googleapis.com/v1/projects/portfolio-nextjs-b02fb/services/cloudfunctions.googleapis.com  x-goog-user-project=portfolio-nextjs-b02fb
[debug] [2026-02-03T09:00:13.131Z] >>> [apiv2][query] GET https://serviceusage.googleapis.com/v1/projects/portfolio-nextjs-b02fb/services/firebaseapphosting.googleapis.com [none]
[debug] [2026-02-03T09:00:13.132Z] >>> [apiv2][(partial)header] GET https://serviceusage.googleapis.com/v1/projects/portfolio-nextjs-b02fb/services/firebaseapphosting.googleapis.com  x-goog-user-project=portfolio-nextjs-b02fb
[debug] [2026-02-03T09:00:13.138Z] >>> [apiv2][query] GET https://serviceusage.googleapis.com/v1/projects/portfolio-nextjs-b02fb/services/firebaseio.com [none]
[debug] [2026-02-03T09:00:13.138Z] >>> [apiv2][(partial)header] GET https://serviceusage.googleapis.com/v1/projects/portfolio-nextjs-b02fb/services/firebaseio.com  x-goog-user-project=portfolio-nextjs-b02fb
[debug] [2026-02-03T09:00:14.276Z] <<< [apiv2][status] GET https://serviceusage.googleapis.com/v1/projects/portfolio-nextjs-b02fb/services/firebasedataconnect.googleapis.com 200
[debug] [2026-02-03T09:00:14.276Z] <<< [apiv2][body] GET https://serviceusage.googleapis.com/v1/projects/portfolio-nextjs-b02fb/services/firebasedataconnect.googleapis.com [omitted]
[debug] [2026-02-03T09:00:14.306Z] <<< [apiv2][status] GET https://serviceusage.googleapis.com/v1/projects/portfolio-nextjs-b02fb/services/cloudfunctions.googleapis.com 200
[debug] [2026-02-03T09:00:14.314Z] <<< [apiv2][body] GET https://serviceusage.googleapis.com/v1/projects/portfolio-nextjs-b02fb/services/cloudfunctions.googleapis.com [omitted]
[debug] [2026-02-03T09:00:14.354Z] <<< [apiv2][status] GET https://serviceusage.googleapis.com/v1/projects/portfolio-nextjs-b02fb/services/firebaseio.com 403
[debug] [2026-02-03T09:00:14.357Z] <<< [apiv2][body] GET https://serviceusage.googleapis.com/v1/projects/portfolio-nextjs-b02fb/services/firebaseio.com [omitted]
[debug] [2026-02-03T09:00:14.380Z] <<< [apiv2][status] GET https://serviceusage.googleapis.com/v1/projects/portfolio-nextjs-b02fb/services/firebaseapphosting.googleapis.com 200
[debug] [2026-02-03T09:00:14.381Z] <<< [apiv2][body] GET https://serviceusage.googleapis.com/v1/projects/portfolio-nextjs-b02fb/services/firebaseapphosting.googleapis.com [omitted]
[error] Failed to fetch Firebase Project from Studio Workspace because WORKSPACE_SLUG environment variable is empty
[error] Failed to fetch Firebase Project from Studio Workspace because WORKSPACE_SLUG environment variable is empty
[error] Failed to fetch Firebase Project from Studio Workspace because WORKSPACE_SLUG environment variable is empty
[debug] [2026-02-03T09:00:14.415Z] > command requires scopes: ["email","openid","https://www.googleapis.com/auth/cloudplatformprojects.readonly","https://www.googleapis.com/auth/firebase","https://www.googleapis.com/auth/cloud-platform","https://www.googleapis.com/auth/userinfo.email"]
[debug] [2026-02-03T09:00:14.416Z] > authorizing via signed-in user (dhruvmishra144@gmail.com)
[debug] [2026-02-03T09:00:14.416Z] Checked if tokens are valid: true, expires at: 1770112811715
[debug] [2026-02-03T09:00:14.421Z] Checked if tokens are valid: true, expires at: 1770112811715
[debug] [2026-02-03T09:00:14.422Z] >>> [apiv2][query] GET https://cloudbilling.googleapis.com/v1/projects/portfolio-nextjs-b02fb/billingInfo [none]
[debug] [2026-02-03T09:00:15.454Z] <<< [apiv2][status] GET https://cloudbilling.googleapis.com/v1/projects/portfolio-nextjs-b02fb/billingInfo 200
[debug] [2026-02-03T09:00:15.455Z] <<< [apiv2][body] GET https://cloudbilling.googleapis.com/v1/projects/portfolio-nextjs-b02fb/billingInfo {"name":"projects/portfolio-nextjs-b02fb/billingInfo","projectId":"portfolio-nextjs-b02fb","billingAccountName":"","billingEnabled":false}
[error] Failed to fetch Firebase Project from Studio Workspace because WORKSPACE_SLUG environment variable is empty
[debug] [2026-02-03T09:00:15.463Z] > command requires scopes: ["email","openid","https://www.googleapis.com/auth/cloudplatformprojects.readonly","https://www.googleapis.com/auth/firebase","https://www.googleapis.com/auth/cloud-platform","https://www.googleapis.com/auth/userinfo.email"]
[debug] [2026-02-03T09:00:15.463Z] > authorizing via signed-in user (dhruvmishra144@gmail.com)
[error] Failed to fetch Firebase Project from Studio Workspace because WORKSPACE_SLUG environment variable is empty
[error] Failed to fetch Firebase Project from Studio Workspace because WORKSPACE_SLUG environment variable is empty
[error] Failed to fetch Firebase Project from Studio Workspace because WORKSPACE_SLUG environment variable is empty
[error] Failed to fetch Firebase Project from Studio Workspace because WORKSPACE_SLUG environment variable is empty
[debug] [2026-02-03T09:00:15.530Z] > command requires scopes: ["email","openid","https://www.googleapis.com/auth/cloudplatformprojects.readonly","https://www.googleapis.com/auth/firebase","https://www.googleapis.com/auth/cloud-platform","https://www.googleapis.com/auth/userinfo.email"]
[debug] [2026-02-03T09:00:15.530Z] > authorizing via signed-in user (dhruvmishra144@gmail.com)
[debug] [2026-02-03T09:00:15.531Z] Checked if tokens are valid: true, expires at: 1770112811715
[debug] [2026-02-03T09:00:15.531Z] Checked if tokens are valid: true, expires at: 1770112811715
[debug] [2026-02-03T09:00:15.531Z] >>> [apiv2][query] GET https://cloudbilling.googleapis.com/v1/projects/portfolio-nextjs-b02fb/billingInfo [none]
[error] Failed to fetch Firebase Project from Studio Workspace because WORKSPACE_SLUG environment variable is empty
[error] Failed to fetch Firebase Project from Studio Workspace because WORKSPACE_SLUG environment variable is empty
[debug] [2026-02-03T09:00:15.575Z] > command requires scopes: ["email","openid","https://www.googleapis.com/auth/cloudplatformprojects.readonly","https://www.googleapis.com/auth/firebase","https://www.googleapis.com/auth/cloud-platform","https://www.googleapis.com/auth/userinfo.email"]
[debug] [2026-02-03T09:00:15.575Z] > authorizing via signed-in user (dhruvmishra144@gmail.com)
[debug] [2026-02-03T09:00:15.575Z] Checked if tokens are valid: true, expires at: 1770112811715
[debug] [2026-02-03T09:00:15.575Z] Checked if tokens are valid: true, expires at: 1770112811715
[debug] [2026-02-03T09:00:15.575Z] >>> [apiv2][query] GET https://cloudbilling.googleapis.com/v1/projects/portfolio-nextjs-b02fb/billingInfo [none]
[debug] [2026-02-03T09:00:15.823Z] <<< [apiv2][status] GET https://cloudbilling.googleapis.com/v1/projects/portfolio-nextjs-b02fb/billingInfo 200
[debug] [2026-02-03T09:00:15.823Z] <<< [apiv2][body] GET https://cloudbilling.googleapis.com/v1/projects/portfolio-nextjs-b02fb/billingInfo {"name":"projects/portfolio-nextjs-b02fb/billingInfo","projectId":"portfolio-nextjs-b02fb","billingAccountName":"","billingEnabled":false}
[error] Failed to fetch Firebase Project from Studio Workspace because WORKSPACE_SLUG environment variable is empty
[debug] [2026-02-03T09:00:15.828Z] > command requires scopes: ["email","openid","https://www.googleapis.com/auth/cloudplatformprojects.readonly","https://www.googleapis.com/auth/firebase","https://www.googleapis.com/auth/cloud-platform","https://www.googleapis.com/auth/userinfo.email"]
[debug] [2026-02-03T09:00:15.829Z] > authorizing via signed-in user (dhruvmishra144@gmail.com)
[debug] [2026-02-03T09:00:16.604Z] <<< [apiv2][status] GET https://cloudbilling.googleapis.com/v1/projects/portfolio-nextjs-b02fb/billingInfo 200
[debug] [2026-02-03T09:00:16.604Z] <<< [apiv2][body] GET https://cloudbilling.googleapis.com/v1/projects/portfolio-nextjs-b02fb/billingInfo {"name":"projects/portfolio-nextjs-b02fb/billingInfo","projectId":"portfolio-nextjs-b02fb","billingAccountName":"","billingEnabled":false}
[error] Failed to fetch Firebase Project from Studio Workspace because WORKSPACE_SLUG environment variable is empty
[debug] [2026-02-03T09:00:16.608Z] > command requires scopes: ["email","openid","https://www.googleapis.com/auth/cloudplatformprojects.readonly","https://www.googleapis.com/auth/firebase","https://www.googleapis.com/auth/cloud-platform","https://www.googleapis.com/auth/userinfo.email"]
[debug] [2026-02-03T09:00:16.608Z] > authorizing via signed-in user (dhruvmishra144@gmail.com)
[error] Failed to fetch Firebase Project from Studio Workspace because WORKSPACE_SLUG environment variable is empty
[error] Failed to fetch Firebase Project from Studio Workspace because WORKSPACE_SLUG environment variable is empty
[debug] [2026-02-09T03:50:29.195Z] > command requires scopes: ["email","openid","https://www.googleapis.com/auth/cloudplatformprojects.readonly","https://www.googleapis.com/auth/firebase","https://www.googleapis.com/auth/cloud-platform","https://www.googleapis.com/auth/userinfo.email"]
[debug] [2026-02-09T03:50:29.200Z] > authorizing via signed-in user (dhruvmishra144@gmail.com)
[debug] [2026-02-09T03:50:29.201Z] Checked if tokens are valid: false, expires at: 1770112811715
[debug] [2026-02-09T03:50:29.201Z] Checked if tokens are valid: false, expires at: 1770112811715
[debug] [2026-02-09T03:50:29.201Z] > refreshing access token with scopes: []
[debug] [2026-02-09T03:50:29.208Z] >>> [apiv2][query] POST https://www.googleapis.com/oauth2/v3/token [none]
[debug] [2026-02-09T03:50:29.209Z] >>> [apiv2][body] POST https://www.googleapis.com/oauth2/v3/token [omitted]
[debug] [2026-02-09T03:50:29.280Z] <<< [apiv2][status] POST https://www.googleapis.com/oauth2/v3/token 200
[debug] [2026-02-09T03:50:29.282Z] <<< [apiv2][body] POST https://www.googleapis.com/oauth2/v3/token [omitted]
[debug] [2026-02-09T03:50:29.309Z] >>> [apiv2][query] GET https://cloudbilling.googleapis.com/v1/projects/portfolio-nextjs-b02fb/billingInfo [none]
[debug] [2026-02-09T03:50:29.578Z] <<< [apiv2][status] GET https://cloudbilling.googleapis.com/v1/projects/portfolio-nextjs-b02fb/billingInfo 200
[debug] [2026-02-09T03:50:29.582Z] <<< [apiv2][body] GET https://cloudbilling.googleapis.com/v1/projects/portfolio-nextjs-b02fb/billingInfo {"name":"projects/portfolio-nextjs-b02fb/billingInfo","projectId":"portfolio-nextjs-b02fb","billingAccountName":"","billingEnabled":false}
[debug] [2026-02-09T03:50:29.596Z] Checked if tokens are valid: true, expires at: 1770612628282
[debug] [2026-02-09T03:50:29.596Z] Checked if tokens are valid: true, expires at: 1770612628282
[debug] [2026-02-09T03:50:29.596Z] Checked if tokens are valid: true, expires at: 1770612628282
[debug] [2026-02-09T03:50:29.597Z] Checked if tokens are valid: true, expires at: 1770612628282
[debug] [2026-02-09T03:50:29.626Z] Checked if tokens are valid: true, expires at: 1770612628282
[debug] [2026-02-09T03:50:29.629Z] Checked if tokens are valid: true, expires at: 1770612628282
[debug] [2026-02-09T03:50:29.629Z] Checked if tokens are valid: true, expires at: 1770612628282
[debug] [2026-02-09T03:50:29.629Z] Checked if tokens are valid: true, expires at: 1770612628282
[debug] [2026-02-09T03:50:29.630Z] >>> [apiv2][query] GET https://serviceusage.googleapis.com/v1/projects/portfolio-nextjs-b02fb/services/firebasedataconnect.googleapis.com [none]
[debug] [2026-02-09T03:50:29.630Z] >>> [apiv2][(partial)header] GET https://serviceusage.googleapis.com/v1/projects/portfolio-nextjs-b02fb/services/firebasedataconnect.googleapis.com  x-goog-user-project=portfolio-nextjs-b02fb
[debug] [2026-02-09T03:50:29.638Z] >>> [apiv2][query] GET https://serviceusage.googleapis.com/v1/projects/portfolio-nextjs-b02fb/services/cloudfunctions.googleapis.com [none]
[debug] [2026-02-09T03:50:29.638Z] >>> [apiv2][(partial)header] GET https://serviceusage.googleapis.com/v1/projects/portfolio-nextjs-b02fb/services/cloudfunctions.googleapis.com  x-goog-user-project=portfolio-nextjs-b02fb
[debug] [2026-02-09T03:50:29.642Z] >>> [apiv2][query] GET https://serviceusage.googleapis.com/v1/projects/portfolio-nextjs-b02fb/services/firebaseapphosting.googleapis.com [none]
[debug] [2026-02-09T03:50:29.642Z] >>> [apiv2][(partial)header] GET https://serviceusage.googleapis.com/v1/projects/portfolio-nextjs-b02fb/services/firebaseapphosting.googleapis.com  x-goog-user-project=portfolio-nextjs-b02fb
[debug] [2026-02-09T03:50:29.646Z] >>> [apiv2][query] GET https://serviceusage.googleapis.com/v1/projects/portfolio-nextjs-b02fb/services/firebaseio.com [none]
[debug] [2026-02-09T03:50:29.646Z] >>> [apiv2][(partial)header] GET https://serviceusage.googleapis.com/v1/projects/portfolio-nextjs-b02fb/services/firebaseio.com  x-goog-user-project=portfolio-nextjs-b02fb
[debug] [2026-02-09T03:50:30.738Z] <<< [apiv2][status] GET https://serviceusage.googleapis.com/v1/projects/portfolio-nextjs-b02fb/services/firebasedataconnect.googleapis.com 200
[debug] [2026-02-09T03:50:30.738Z] <<< [apiv2][body] GET https://serviceusage.googleapis.com/v1/projects/portfolio-nextjs-b02fb/services/firebasedataconnect.googleapis.com [omitted]
[debug] [2026-02-09T03:50:30.786Z] <<< [apiv2][status] GET https://serviceusage.googleapis.com/v1/projects/portfolio-nextjs-b02fb/services/firebaseio.com 403
[debug] [2026-02-09T03:50:30.787Z] <<< [apiv2][body] GET https://serviceusage.googleapis.com/v1/projects/portfolio-nextjs-b02fb/services/firebaseio.com [omitted]
[debug] [2026-02-09T03:50:30.807Z] <<< [apiv2][status] GET https://serviceusage.googleapis.com/v1/projects/portfolio-nextjs-b02fb/services/firebaseapphosting.googleapis.com 200
[debug] [2026-02-09T03:50:30.807Z] <<< [apiv2][body] GET https://serviceusage.googleapis.com/v1/projects/portfolio-nextjs-b02fb/services/firebaseapphosting.googleapis.com [omitted]
[debug] [2026-02-09T03:50:30.823Z] <<< [apiv2][status] GET https://serviceusage.googleapis.com/v1/projects/portfolio-nextjs-b02fb/services/cloudfunctions.googleapis.com 200
[debug] [2026-02-09T03:50:30.823Z] <<< [apiv2][body] GET https://serviceusage.googleapis.com/v1/projects/portfolio-nextjs-b02fb/services/cloudfunctions.googleapis.com [omitted]
[error] Failed to fetch Firebase Project from Studio Workspace because WORKSPACE_SLUG environment variable is empty
[error] Failed to fetch Firebase Project from Studio Workspace because WORKSPACE_SLUG environment variable is empty
[error] Failed to fetch Firebase Project from Studio Workspace because WORKSPACE_SLUG environment variable is empty
[debug] [2026-02-09T03:50:30.845Z] > command requires scopes: ["email","openid","https://www.googleapis.com/auth/cloudplatformprojects.readonly","https://www.googleapis.com/auth/firebase","https://www.googleapis.com/auth/cloud-platform","https://www.googleapis.com/auth/userinfo.email"]
[debug] [2026-02-09T03:50:30.845Z] > authorizing via signed-in user (dhruvmishra144@gmail.com)
[debug] [2026-02-09T03:50:30.845Z] Checked if tokens are valid: true, expires at: 1770612628282
[debug] [2026-02-09T03:50:30.846Z] Checked if tokens are valid: true, expires at: 1770612628282
[debug] [2026-02-09T03:50:30.848Z] >>> [apiv2][query] GET https://cloudbilling.googleapis.com/v1/projects/portfolio-nextjs-b02fb/billingInfo [none]
[debug] [2026-02-09T03:50:31.054Z] <<< [apiv2][status] GET https://cloudbilling.googleapis.com/v1/projects/portfolio-nextjs-b02fb/billingInfo 200
[debug] [2026-02-09T03:50:31.054Z] <<< [apiv2][body] GET https://cloudbilling.googleapis.com/v1/projects/portfolio-nextjs-b02fb/billingInfo {"name":"projects/portfolio-nextjs-b02fb/billingInfo","projectId":"portfolio-nextjs-b02fb","billingAccountName":"","billingEnabled":false}
[error] Failed to fetch Firebase Project from Studio Workspace because WORKSPACE_SLUG environment variable is empty
[debug] [2026-02-09T03:50:31.060Z] > command requires scopes: ["email","openid","https://www.googleapis.com/auth/cloudplatformprojects.readonly","https://www.googleapis.com/auth/firebase","https://www.googleapis.com/auth/cloud-platform","https://www.googleapis.com/auth/userinfo.email"]
[debug] [2026-02-09T03:50:31.061Z] > authorizing via signed-in user (dhruvmishra144@gmail.com)
[error] Failed to fetch Firebase Project from Studio Workspace because WORKSPACE_SLUG environment variable is empty
[error] Failed to fetch Firebase Project from Studio Workspace because WORKSPACE_SLUG environment variable is empty
[error] Failed to fetch Firebase Project from Studio Workspace because WORKSPACE_SLUG environment variable is empty
[error] Failed to fetch Firebase Project from Studio Workspace because WORKSPACE_SLUG environment variable is empty
[debug] [2026-02-09T03:50:31.116Z] > command requires scopes: ["email","openid","https://www.googleapis.com/auth/cloudplatformprojects.readonly","https://www.googleapis.com/auth/firebase","https://www.googleapis.com/auth/cloud-platform","https://www.googleapis.com/auth/userinfo.email"]
[debug] [2026-02-09T03:50:31.116Z] > authorizing via signed-in user (dhruvmishra144@gmail.com)
[debug] [2026-02-09T03:50:31.116Z] Checked if tokens are valid: true, expires at: 1770612628282
[debug] [2026-02-09T03:50:31.116Z] Checked if tokens are valid: true, expires at: 1770612628282
[debug] [2026-02-09T03:50:31.116Z] >>> [apiv2][query] GET https://cloudbilling.googleapis.com/v1/projects/portfolio-nextjs-b02fb/billingInfo [none]
[error] Failed to fetch Firebase Project from Studio Workspace because WORKSPACE_SLUG environment variable is empty
[error] Failed to fetch Firebase Project from Studio Workspace because WORKSPACE_SLUG environment variable is empty
[debug] [2026-02-09T03:50:31.150Z] > command requires scopes: ["email","openid","https://www.googleapis.com/auth/cloudplatformprojects.readonly","https://www.googleapis.com/auth/firebase","https://www.googleapis.com/auth/cloud-platform","https://www.googleapis.com/auth/userinfo.email"]
[debug] [2026-02-09T03:50:31.150Z] > authorizing via signed-in user (dhruvmishra144@gmail.com)
[debug] [2026-02-09T03:50:31.151Z] Checked if tokens are valid: true, expires at: 1770612628282
[debug] [2026-02-09T03:50:31.151Z] Checked if tokens are valid: true, expires at: 1770612628282
[debug] [2026-02-09T03:50:31.153Z] >>> [apiv2][query] GET https://cloudbilling.googleapis.com/v1/projects/portfolio-nextjs-b02fb/billingInfo [none]
[debug] [2026-02-09T03:50:32.391Z] <<< [apiv2][status] GET https://cloudbilling.googleapis.com/v1/projects/portfolio-nextjs-b02fb/billingInfo 200
[debug] [2026-02-09T03:50:32.392Z] <<< [apiv2][body] GET https://cloudbilling.googleapis.com/v1/projects/portfolio-nextjs-b02fb/billingInfo {"name":"projects/portfolio-nextjs-b02fb/billingInfo","projectId":"portfolio-nextjs-b02fb","billingAccountName":"","billingEnabled":false}
[error] Failed to fetch Firebase Project from Studio Workspace because WORKSPACE_SLUG environment variable is empty
[debug] [2026-02-09T03:50:32.398Z] > command requires scopes: ["email","openid","https://www.googleapis.com/auth/cloudplatformprojects.readonly","https://www.googleapis.com/auth/firebase","https://www.googleapis.com/auth/cloud-platform","https://www.googleapis.com/auth/userinfo.email"]
[debug] [2026-02-09T03:50:32.398Z] > authorizing via signed-in user (dhruvmishra144@gmail.com)
[debug] [2026-02-09T03:50:32.415Z] <<< [apiv2][status] GET https://cloudbilling.googleapis.com/v1/projects/portfolio-nextjs-b02fb/billingInfo 200
[debug] [2026-02-09T03:50:32.415Z] <<< [apiv2][body] GET https://cloudbilling.googleapis.com/v1/projects/portfolio-nextjs-b02fb/billingInfo {"name":"projects/portfolio-nextjs-b02fb/billingInfo","projectId":"portfolio-nextjs-b02fb","billingAccountName":"","billingEnabled":false}
[error] Failed to fetch Firebase Project from Studio Workspace because WORKSPACE_SLUG environment variable is empty
[debug] [2026-02-09T03:50:32.422Z] > command requires scopes: ["email","openid","https://www.googleapis.com/auth/cloudplatformprojects.readonly","https://www.googleapis.com/auth/firebase","https://www.googleapis.com/auth/cloud-platform","https://www.googleapis.com/auth/userinfo.email"]
[debug] [2026-02-09T03:50:32.422Z] > authorizing via signed-in user (dhruvmishra144@gmail.com)
